<?xml version="1.0" encoding="utf-8"?><testsuite errors="0" failures="0" name="pytest" skips="0" tests="5" time="0.062"><testcase classname="sources.test_calc.TestCalc" file="sources/test_calc.py" line="15" name="test_add_floats" time="0.00124073028564"></testcase><testcase classname="sources.test_calc.TestCalc" file="sources/test_calc.py" line="8" name="test_add_integers" time="0.00104093551636"></testcase><testcase classname="sources.test_calc.TestCalc" file="sources/test_calc.py" line="30" name="test_add_string_and_integer" time="0.000927209854126"></testcase><testcase classname="sources.test_calc.TestCalc" file="sources/test_calc.py" line="38" name="test_add_string_and_number" time="0.000963926315308"></testcase><testcase classname="sources.test_calc.TestCalc" file="sources/test_calc.py" line="22" name="test_add_strings" time="0.000948190689087"></testcase></testsuite>